---
source: cookiecluster/src/cli.rs
expression: rendered
---
################################################################################
# Helm charts
################################################################################

resource "helm_release" "neuron" {
  # Use the Helm provider that is authenticated with Public ECR
  provider = helm.public_ecr

  name             = "neuron"
  repository       = "oci://public.ecr.aws/neuron"
  chart            = "neuron-helm-chart"
  version          = "1.1.1"
  namespace        = "neuron"
  create_namespace = true
  wait             = false

  values = [
    <<-EOT
      nodeSelector:
        aws.amazon.com/neuron.present: 'true'
      npd:
        enabled: false
    EOT
  ]
}
