---
source: cookiecluster/src/cli.rs
expression: rendered
---
################################################################################
# EKS Cluster
################################################################################

module "eks" {
  source  = "terraform-aws-modules/eks/aws"
  version = "~> 20.33"

  cluster_name    = "example"
  cluster_version = "1.32"

  # These will become the default in the next major version of the module
  bootstrap_self_managed_addons   = false
  enable_irsa                     = false
  enable_security_groups_for_pods = false

  cluster_addons = {
    coredns = {}
    eks-pod-identity-agent = {}
    eks-node-monitoring-agent = {}
    kube-proxy = {}
    vpc-cni = {}
  }

  vpc_id                   = data.aws_vpc.this.id
  control_plane_subnet_ids = data.aws_subnets.control_plane.ids
  subnet_ids               = data.aws_subnets.data_plane.ids

  eks_managed_node_groups = {
    default = {
      ami_type = "BOTTLEROCKET_ARM_64"
      instance_types = [
        "m7g.xlarge",
        "m6g.xlarge",
      ]
  
      min_size     = 2
      max_size     = 3
      desired_size = 2
  
      node_repair_config = {
        enabled = true
      }
    }
  }

  tags = module.tags.tags
}

################################################################################
# EKS Pod Identity IAM Roles
################################################################################
