---
source: cookiecluster/src/cli.rs
expression: rendered
---
################################################################################
# EKS Cluster
################################################################################

module "eks" {
  source  = "terraform-aws-modules/eks/aws"
  version = "~> 20.29"

  cluster_name    = "cookiecluster"
  cluster_version = "1.28"

  # To facilitate easier interaction for demonstration purposes
  cluster_endpoint_public_access = true

  # Gives Terraform identity admin access to cluster which will
  # allow deploying resources into the cluster
  enable_cluster_creator_admin_permissions = true
  cluster_addons = {
  }

  vpc_id                   = data.aws_vpc.this.id
  control_plane_subnet_ids = data.aws_subnets.control_plane.ids
  subnet_ids               = data.aws_subnets.data_plane.ids

  cluster_zonal_shift_config = {
    enabled = true
  }

  eks_managed_node_groups = {
    default = {
      ami_type = "AL2023_x86_64_STANDARD"
      instance_types = [
        "m7a.xlarge",
        "m7i.xlarge",
      ]
  
      min_size     = 2
      max_size     = 3
      desired_size = 2
      
      # Increase root EBS volume
      block_device_mappings = {
        xvda = {
          device_name = "/dev/xvda"
          ebs = {
            volume_size = 24
          }
        }
      }
    }
  }

  tags = module.tags.tags
}
