---
source: cookiecluster/src/cli.rs
expression: rendered
---
################################################################################
# Tags - Replace with your own tags implementation
################################################################################

module "tags" {
  source  = "clowdhaus/tags/aws"
  version = "~> 1.1"

  application = "cookiecluster"
  environment = "nonprod"
  repository  = "github.com/clowdhaus/cookiecluster"
}

################################################################################
# VPC & Subnet data sources
################################################################################

data "aws_vpc" "this" {
  filter {
    name   = "tag:Name"
    values = ["cookiecluster"]
  }
}

data "aws_subnets" "control_plane" {
  filter {
    name   = "tag:Name"
    values = ["*-intra-*"]
  }
}

data "aws_subnets" "data_plane" {
  filter {
    name   = "tag:Name"
    values = ["*-data-*"]
  }
}
