---
source: cookiecluster/src/inputs/compute.rs
expression: efa_nvidia_x86_64
---
{
    "p4d.24xlarge": InstanceInfo {
        instance_type: "p4d.24xlarge",
        instance_storage_supported: true,
        efa_supported: true,
        nvidia_gpu_supported: true,
        neuron_supported: false,
        cbr_supported: true,
        cpu_arch: "x86-64",
    },
    "p5.48xlarge": InstanceInfo {
        instance_type: "p5.48xlarge",
        instance_storage_supported: true,
        efa_supported: true,
        nvidia_gpu_supported: true,
        neuron_supported: false,
        cbr_supported: true,
        cpu_arch: "x86-64",
    },
    "p5e.48xlarge": InstanceInfo {
        instance_type: "p5e.48xlarge",
        instance_storage_supported: true,
        efa_supported: true,
        nvidia_gpu_supported: true,
        neuron_supported: false,
        cbr_supported: true,
        cpu_arch: "x86-64",
    },
    "p5en.48xlarge": InstanceInfo {
        instance_type: "p5en.48xlarge",
        instance_storage_supported: true,
        efa_supported: true,
        nvidia_gpu_supported: true,
        neuron_supported: false,
        cbr_supported: true,
        cpu_arch: "x86-64",
    },
}
