---
source: cookiecluster/src/inputs/compute.rs
expression: standard_x86_64
---
[
    "c5.12xlarge",
    "c5.18xlarge",
    "c5.24xlarge",
    "c5.2xlarge",
    "c5.4xlarge",
    "c5.9xlarge",
    "c5.large",
    "c5.xlarge",
    "c5a.12xlarge",
    "c5a.16xlarge",
    "c5a.24xlarge",
    "c5a.2xlarge",
    "c5a.4xlarge",
    "c5a.8xlarge",
    "c5a.large",
    "c5a.xlarge",
    "c5ad.12xlarge",
    "c5ad.16xlarge",
    "c5ad.24xlarge",
    "c5ad.2xlarge",
    "c5ad.4xlarge",
    "c5ad.8xlarge",
    "c5ad.large",
    "c5ad.xlarge",
    "c5d.12xlarge",
    "c5d.18xlarge",
    "c5d.24xlarge",
    "c5d.2xlarge",
    "c5d.4xlarge",
    "c5d.9xlarge",
    "c5d.large",
    "c5d.xlarge",
    "c5n.18xlarge",
    "c5n.2xlarge",
    "c5n.4xlarge",
    "c5n.9xlarge",
    "c5n.large",
    "c5n.xlarge",
    "c6a.12xlarge",
    "c6a.16xlarge",
    "c6a.24xlarge",
    "c6a.2xlarge",
    "c6a.32xlarge",
    "c6a.48xlarge",
    "c6a.4xlarge",
    "c6a.8xlarge",
    "c6a.large",
    "c6a.xlarge",
    "c6i.12xlarge",
    "c6i.16xlarge",
    "c6i.24xlarge",
    "c6i.2xlarge",
    "c6i.32xlarge",
    "c6i.4xlarge",
    "c6i.8xlarge",
    "c6i.large",
    "c6i.xlarge",
    "c6id.12xlarge",
    "c6id.16xlarge",
    "c6id.24xlarge",
    "c6id.2xlarge",
    "c6id.32xlarge",
    "c6id.4xlarge",
    "c6id.8xlarge",
    "c6id.large",
    "c6id.xlarge",
    "c6in.12xlarge",
    "c6in.16xlarge",
    "c6in.24xlarge",
    "c6in.2xlarge",
    "c6in.32xlarge",
    "c6in.4xlarge",
    "c6in.8xlarge",
    "c6in.large",
    "c6in.xlarge",
    "c7a.12xlarge",
    "c7a.16xlarge",
    "c7a.24xlarge",
    "c7a.2xlarge",
    "c7a.32xlarge",
    "c7a.48xlarge",
    "c7a.4xlarge",
    "c7a.8xlarge",
    "c7a.large",
    "c7a.medium",
    "c7a.xlarge",
    "c7i-flex.12xlarge",
    "c7i-flex.16xlarge",
    "c7i-flex.2xlarge",
    "c7i-flex.4xlarge",
    "c7i-flex.8xlarge",
    "c7i-flex.large",
    "c7i-flex.xlarge",
    "c7i.12xlarge",
    "c7i.16xlarge",
    "c7i.24xlarge",
    "c7i.2xlarge",
    "c7i.48xlarge",
    "c7i.4xlarge",
    "c7i.8xlarge",
    "c7i.large",
    "c7i.xlarge",
    "g4ad.16xlarge",
    "g4ad.2xlarge",
    "g4ad.4xlarge",
    "g4ad.8xlarge",
    "g4ad.xlarge",
    "hpc6a.48xlarge",
    "hpc6id.32xlarge",
    "hpc7a.12xlarge",
    "hpc7a.24xlarge",
    "hpc7a.48xlarge",
    "hpc7a.96xlarge",
    "m5.12xlarge",
    "m5.16xlarge",
    "m5.24xlarge",
    "m5.2xlarge",
    "m5.4xlarge",
    "m5.8xlarge",
    "m5.large",
    "m5.xlarge",
    "m5a.12xlarge",
    "m5a.16xlarge",
    "m5a.24xlarge",
    "m5a.2xlarge",
    "m5a.4xlarge",
    "m5a.8xlarge",
    "m5a.large",
    "m5a.xlarge",
    "m5ad.12xlarge",
    "m5ad.16xlarge",
    "m5ad.24xlarge",
    "m5ad.2xlarge",
    "m5ad.4xlarge",
    "m5ad.8xlarge",
    "m5ad.large",
    "m5ad.xlarge",
    "m5d.12xlarge",
    "m5d.16xlarge",
    "m5d.24xlarge",
    "m5d.2xlarge",
    "m5d.4xlarge",
    "m5d.8xlarge",
    "m5d.large",
    "m5d.xlarge",
    "m5dn.12xlarge",
    "m5dn.16xlarge",
    "m5dn.24xlarge",
    "m5dn.2xlarge",
    "m5dn.4xlarge",
    "m5dn.8xlarge",
    "m5dn.large",
    "m5dn.xlarge",
    "m5n.12xlarge",
    "m5n.16xlarge",
    "m5n.24xlarge",
    "m5n.2xlarge",
    "m5n.4xlarge",
    "m5n.8xlarge",
    "m5n.large",
    "m5n.xlarge",
    "m5zn.12xlarge",
    "m5zn.2xlarge",
    "m5zn.3xlarge",
    "m5zn.6xlarge",
    "m5zn.large",
    "m5zn.xlarge",
    "m6a.12xlarge",
    "m6a.16xlarge",
    "m6a.24xlarge",
    "m6a.2xlarge",
    "m6a.32xlarge",
    "m6a.48xlarge",
    "m6a.4xlarge",
    "m6a.8xlarge",
    "m6a.large",
    "m6a.xlarge",
    "m6i.12xlarge",
    "m6i.16xlarge",
    "m6i.24xlarge",
    "m6i.2xlarge",
    "m6i.32xlarge",
    "m6i.4xlarge",
    "m6i.8xlarge",
    "m6i.large",
    "m6i.xlarge",
    "m6id.12xlarge",
    "m6id.16xlarge",
    "m6id.24xlarge",
    "m6id.2xlarge",
    "m6id.32xlarge",
    "m6id.4xlarge",
    "m6id.8xlarge",
    "m6id.large",
    "m6id.xlarge",
    "m6idn.12xlarge",
    "m6idn.16xlarge",
    "m6idn.24xlarge",
    "m6idn.2xlarge",
    "m6idn.32xlarge",
    "m6idn.4xlarge",
    "m6idn.8xlarge",
    "m6idn.large",
    "m6idn.xlarge",
    "m6in.12xlarge",
    "m6in.16xlarge",
    "m6in.24xlarge",
    "m6in.2xlarge",
    "m6in.32xlarge",
    "m6in.4xlarge",
    "m6in.8xlarge",
    "m6in.large",
    "m6in.xlarge",
    "m7a.12xlarge",
    "m7a.16xlarge",
    "m7a.24xlarge",
    "m7a.2xlarge",
    "m7a.32xlarge",
    "m7a.48xlarge",
    "m7a.4xlarge",
    "m7a.8xlarge",
    "m7a.large",
    "m7a.medium",
    "m7a.xlarge",
    "m7i-flex.12xlarge",
    "m7i-flex.16xlarge",
    "m7i-flex.2xlarge",
    "m7i-flex.4xlarge",
    "m7i-flex.8xlarge",
    "m7i-flex.large",
    "m7i-flex.xlarge",
    "m7i.12xlarge",
    "m7i.16xlarge",
    "m7i.24xlarge",
    "m7i.2xlarge",
    "m7i.48xlarge",
    "m7i.4xlarge",
    "m7i.8xlarge",
    "m7i.large",
    "m7i.xlarge",
    "r5.12xlarge",
    "r5.16xlarge",
    "r5.24xlarge",
    "r5.2xlarge",
    "r5.4xlarge",
    "r5.8xlarge",
    "r5.large",
    "r5.xlarge",
    "r5a.12xlarge",
    "r5a.16xlarge",
    "r5a.24xlarge",
    "r5a.2xlarge",
    "r5a.4xlarge",
    "r5a.8xlarge",
    "r5a.large",
    "r5a.xlarge",
    "r5ad.12xlarge",
    "r5ad.16xlarge",
    "r5ad.24xlarge",
    "r5ad.2xlarge",
    "r5ad.4xlarge",
    "r5ad.8xlarge",
    "r5ad.large",
    "r5ad.xlarge",
    "r5b.12xlarge",
    "r5b.16xlarge",
    "r5b.24xlarge",
    "r5b.2xlarge",
    "r5b.4xlarge",
    "r5b.8xlarge",
    "r5b.large",
    "r5b.xlarge",
    "r5d.12xlarge",
    "r5d.16xlarge",
    "r5d.24xlarge",
    "r5d.2xlarge",
    "r5d.4xlarge",
    "r5d.8xlarge",
    "r5d.large",
    "r5d.xlarge",
    "r5dn.12xlarge",
    "r5dn.16xlarge",
    "r5dn.24xlarge",
    "r5dn.2xlarge",
    "r5dn.4xlarge",
    "r5dn.8xlarge",
    "r5dn.large",
    "r5dn.xlarge",
    "r5n.12xlarge",
    "r5n.16xlarge",
    "r5n.24xlarge",
    "r5n.2xlarge",
    "r5n.4xlarge",
    "r5n.8xlarge",
    "r5n.large",
    "r5n.xlarge",
    "r6a.12xlarge",
    "r6a.16xlarge",
    "r6a.24xlarge",
    "r6a.2xlarge",
    "r6a.32xlarge",
    "r6a.48xlarge",
    "r6a.4xlarge",
    "r6a.8xlarge",
    "r6a.large",
    "r6a.xlarge",
    "r6i.12xlarge",
    "r6i.16xlarge",
    "r6i.24xlarge",
    "r6i.2xlarge",
    "r6i.32xlarge",
    "r6i.4xlarge",
    "r6i.8xlarge",
    "r6i.large",
    "r6i.xlarge",
    "r6id.12xlarge",
    "r6id.16xlarge",
    "r6id.24xlarge",
    "r6id.2xlarge",
    "r6id.32xlarge",
    "r6id.4xlarge",
    "r6id.8xlarge",
    "r6id.large",
    "r6id.xlarge",
    "r6idn.12xlarge",
    "r6idn.16xlarge",
    "r6idn.24xlarge",
    "r6idn.2xlarge",
    "r6idn.32xlarge",
    "r6idn.4xlarge",
    "r6idn.8xlarge",
    "r6idn.large",
    "r6idn.xlarge",
    "r6in.12xlarge",
    "r6in.16xlarge",
    "r6in.24xlarge",
    "r6in.2xlarge",
    "r6in.32xlarge",
    "r6in.4xlarge",
    "r6in.8xlarge",
    "r6in.large",
    "r6in.xlarge",
    "r7a.12xlarge",
    "r7a.16xlarge",
    "r7a.24xlarge",
    "r7a.2xlarge",
    "r7a.32xlarge",
    "r7a.48xlarge",
    "r7a.4xlarge",
    "r7a.8xlarge",
    "r7a.large",
    "r7a.medium",
    "r7a.xlarge",
    "r7i.12xlarge",
    "r7i.16xlarge",
    "r7i.24xlarge",
    "r7i.2xlarge",
    "r7i.48xlarge",
    "r7i.4xlarge",
    "r7i.8xlarge",
    "r7i.large",
    "r7i.xlarge",
    "r7iz.12xlarge",
    "r7iz.16xlarge",
    "r7iz.2xlarge",
    "r7iz.32xlarge",
    "r7iz.4xlarge",
    "r7iz.8xlarge",
    "r7iz.large",
    "r7iz.xlarge",
]
