---
source: cookiecluster/src/inputs/compute.rs
expression: nvidia_x86_64_efa
---
[
    "g4dn.12xlarge",
    "g4dn.16xlarge",
    "g4dn.8xlarge",
    "g5.12xlarge",
    "g5.16xlarge",
    "g5.24xlarge",
    "g5.48xlarge",
    "g5.8xlarge",
    "g6.12xlarge",
    "g6.16xlarge",
    "g6.24xlarge",
    "g6.48xlarge",
    "g6.8xlarge",
    "g6e.12xlarge",
    "g6e.16xlarge",
    "g6e.24xlarge",
    "g6e.48xlarge",
    "g6e.8xlarge",
    "p3dn.24xlarge",
    "p4d.24xlarge",
    "p4de.24xlarge",
    "p5.48xlarge",
    "p5e.48xlarge",
    "p5en.48xlarge",
]
