---
source: cc/src/inputs/compute.rs
expression: efa_neuron_x86_64
---
{
    "inf1.24xlarge": InstanceInfo {
        instance_type: "inf1.24xlarge",
        instance_storage_supported: false,
        efa_supported: true,
        nvidia_gpu_supported: false,
        neuron_supported: true,
        cbr_supported: false,
        cpu_arch: "x86-64",
    },
    "trn1.32xlarge": InstanceInfo {
        instance_type: "trn1.32xlarge",
        instance_storage_supported: true,
        efa_supported: true,
        nvidia_gpu_supported: false,
        neuron_supported: true,
        cbr_supported: false,
        cpu_arch: "x86-64",
    },
    "trn1n.32xlarge": InstanceInfo {
        instance_type: "trn1n.32xlarge",
        instance_storage_supported: true,
        efa_supported: true,
        nvidia_gpu_supported: false,
        neuron_supported: true,
        cbr_supported: false,
        cpu_arch: "x86-64",
    },
}
