---
source: cookiecluster/src/cli.rs
expression: rendered
---

