---
source: cookiecluster/src/cli.rs
expression: rendered
---
################################################################################
# Helm charts
################################################################################

resource "helm_release" "nvidia_device_plugin" {
  name             = "nvidia-device-plugin"
  repository       = "https://nvidia.github.io/k8s-device-plugin"
  chart            = "nvidia-device-plugin"
  version          = "0.17.3"
  namespace        = "nvidia-device-plugin"
  create_namespace = true
  wait             = false
}

resource "helm_release" "aws_efa_device_plugin" {
  name       = "aws-efa-k8s-device-plugin"
  namespace  = "kube-system"
  repository = "https://aws.github.io/eks-charts"
  chart      = "aws-efa-k8s-device-plugin"
  version    = "v0.5.13"
  wait       = false

  values = [
    <<-EOT
      nodeSelector:
        vpc.amazonaws.com/efa.present: 'true'
      tolerations:
        - key: nvidia.com/gpu
          operator: Exists
          effect: NoSchedule
    EOT
  ]
}
