---
source: cookiecluster/src/cli.rs
expression: rendered
---
################################################################################
# EKS Cluster
################################################################################

module "eks" {
  source  = "terraform-aws-modules/eks/aws"
  version = "~> 20.37"

  cluster_name    = "example"
  cluster_version = "1.32"

  # These will become the default in the next major version of the module
  bootstrap_self_managed_addons   = false
  enable_irsa                     = false
  enable_security_groups_for_pods = false

  cluster_addons = {
    coredns = {}
    eks-node-monitoring-agent = {}
    eks-pod-identity-agent = {
      before_compute = true
    }
    kube-proxy = {}
    vpc-cni = {
      before_compute = true
    }
  }

  vpc_id                   = data.aws_vpc.this.id
  control_plane_subnet_ids = data.aws_subnets.control_plane.ids
  subnet_ids               = data.aws_subnets.data_plane.ids

  eks_managed_node_group_defaults = {
    node_repair_config = {
      enabled = true
    }
  }

  eks_managed_node_groups = {
    # This node group is for core addons such as CoreDNS
    default = {
      ami_type = "AL2023_x86_64_STANDARD"
      instance_types = [
        "m7a.xlarge",
        "m7i.xlarge",
      ]
  
      min_size     = 2
      max_size     = 3
      desired_size = 2
    }
    gpu = {
      ami_type = "AL2023_x86_64_NVIDIA"
      instance_types = [
        "g6e.2xlarge",
      ]

      min_size     = 0
      max_size     = 5
      desired_size = 2

      # Increase root EBS volume size (default is 8Gb)
      block_device_mappings = {
        xvda = {
          device_name = "/dev/xvda"
          ebs = {
            volume_size           = 256
            volume_type           = "gp3"
            delete_on_termination = true
          }
        }
      }

      labels = {
        "nvidia.com/gpu.present"        = "true"
      }
    
      taints = {
        # Ensure only GPU workloads are scheduled on this node group
        gpu = {
          key    = "nvidia.com/gpu"
          value  = "true"
          effect = "NO_SCHEDULE"
        }
      }
    }
  }

  tags = module.tags.tags
}
