---
source: cookiecluster/src/cli.rs
expression: rendered
---
################################################################################
# Helm charts
################################################################################

resource "helm_release" "neuron" {
  name             = "neuron"
  repository       = "oci://public.ecr.aws/neuron"
  chart            = "neuron-helm-chart"
  version          = "1.2.0"
  namespace        = "neuron"
  create_namespace = true
  wait             = false

  values = [
    <<-EOT
      nodeSelector:
        aws.amazon.com/neuron.present: 'true'
      npd:
        enabled: false
    EOT
  ]
}

resource "helm_release" "aws_efa_device_plugin" {
  name       = "aws-efa-k8s-device-plugin"
  namespace  = "kube-system"
  repository = "https://aws.github.io/eks-charts"
  chart      = "aws-efa-k8s-device-plugin"
  version    = "v0.5.14"
  wait       = false

  values = [
    <<-EOT
      nodeSelector:
        vpc.amazonaws.com/efa.present: 'true'
      tolerations:
        - key: aws.amazon.com/neuron
          operator: Exists
          effect: NoSchedule
    EOT
  ]
}
